Cloning into 'versionamento'...
remote: Enumerating objects: 3, done.
remote: Counting objects: 100% (3/3), done.
remote: Compressing objects: 100% (3/3), done.
remote: Total 3 (delta 0), reused 3 (delta 0), pack-reused 0
Receiving objects: 100% (3/3), 90.33 KiB | 30.11 MiB/s, done.


novo:
Untracked files:
  (use "git add <file>..." to include in what will be committed)
        comando da tarde.txt

nothing added to commit but untracked files present (use "git add" to track)

C:\Users\24153566\Documents\Aula2 tarde\versionamento>git add .

C:\Users\24153566\Documents\Aula2 tarde\versionamento>
C:\Users\24153566\Documents\Aula2 tarde\versionamento>git status
On branch main
Your branch is up to date with 'origin/main'.

Changes to be committed:
  (use "git restore --staged <file>..." to unstage)
        new file:   comando da tarde.txt


novo 2:
C:\Users\24153566\Documents\Aula2 tarde\versionamento>git commit -m "Arquivo de comando da tarde TXT"
[main 080e215] Arquivo de comando da tarde TXT
 Committer: RICHARD SILVA DANTAS <24153566@edu119.local>
Your name and email address were configured automatically based
on your username and hostname. Please check that they are accurate.
You can suppress this message by setting them explicitly. Run the
following command and follow the instructions in your editor to edit
your configuration file:

    git config --global --edit

After doing this, you may fix the identity used for this commit with:

    git commit --amend --reset-author

 1 file changed, 6 insertions(+)
 create mode 100644 comando da tarde.txt